// Vitest Snapshot v1, https://vitest.dev/guide/snapshot.html

exports[`webpack 1`] = `
"/******/ (() => { // webpackBootstrap
/******/ 	"use strict";

// UNUSED EXPORTS: platform

;// external "node:process"
const external_node_process_namespaceObject = require("node:process");
;// ./tests/fixtures/main.js


const platform = "darwin"

console.log('hello "darwin"', platform)
console.log(DEV)

/******/ })()
;"
`;
