// Vitest Snapshot v1, https://vitest.dev/guide/snapshot.html

exports[`webpack 1`] = `
"/******/ (() => { // webpackBootstrap
/******/ 	"use strict";
var __webpack_exports__ = {};

// UNUSED EXPORTS: platform

;// CONCATENATED MODULE: external "node:process"
const external_node_process_namespaceObject = require("node:process");
;// CONCATENATED MODULE: ./tests/fixtures/main.js


const platform = "darwin"

console.log('hello "darwin"', platform)

/******/ })()
;"
`;
